A01 argmax bands 964 N 0 cols 616 id 85.6 ins 9 del 40
A02 argmax bands 965 N 0 cols 613 id 88.6 ins 5 del 53
A03 argmax bands 756 N 0 cols 354 id 82.5 ins 2 del 54
A04 argmax bands 971 N 0 cols 566 id 88.9 ins 15 del 31
A05 argmax bands 856 N 0 cols 449 id 87.3 ins 3 del 42
A06 argmax bands 819 N 0 cols 435 id 87.1 ins 3 del 36
A07 argmax bands 1002 N 0 cols 653 id 87.1 ins 16 del 54
A08 argmax bands 844 N 0 cols 608 id 81.7 ins 0 del 101
A09 argmax bands 836 N 0 cols 530 id 86.6 ins 4 del 46
A10 argmax bands 926 N 0 cols 537 id 88.5 ins 2 del 51
A11 argmax bands 1003 N 0 cols 635 id 91.2 ins 9 del 32
A12 argmax bands 958 N 0 cols 595 id 88.6 ins 12 del 39
B01 argmax bands 747 N 0 cols 349 id 79.4 ins 0 del 61
B02 argmax bands 894 N 0 cols 590 id 84.2 ins 6 del 62
B03 argmax bands 765 N 0 cols 405 id 82.0 ins 1 del 63
B04 argmax bands 905 N 0 cols 529 id 87.7 ins 5 del 47
B05 argmax bands 920 N 0 cols 614 id 85.5 ins 4 del 68
B06 argmax bands 994 N 0 cols 622 id 87.9 ins 10 del 47
B07 argmax bands 999 N 0 cols 539 id 90.0 ins 11 del 24
B08 argmax bands 753 N 0 cols 389 id 79.7 ins 0 del 74
B09 argmax bands 763 N 0 cols 417 id 81.5 ins 0 del 71
B10 argmax bands 994 N 0 cols 552 id 87.9 ins 12 del 36
B11 argmax bands 992 N 0 cols 651 id 88.6 ins 17 del 47
B12 argmax bands 908 N 0 cols 517 id 89.4 ins 1 del 44
C01 argmax bands 886 N 0 cols 512 id 81.2 ins 3 del 60
C02 argmax bands 954 N 0 cols 592 id 88.0 ins 3 del 25
C03 argmax bands 669 N 0 cols 50 id 84.0 ins 0 del 5
C04 argmax bands 986 N 0 cols 452 id 86.5 ins 9 del 24
C05 argmax bands 993 N 0 cols 636 id 88.1 ins 10 del 41
C06 argmax bands 868 N 0 cols 526 id 85.6 ins 2 del 60
C07 argmax bands 991 N 0 cols 644 id 86.3 ins 8 del 55
C08 argmax bands 910 N 0 cols 623 id 85.1 ins 7 del 75
C09 argmax bands 975 N 0 cols 607 id 88.1 ins 5 del 50
C10 argmax bands 898 N 0 cols 623 id 84.1 ins 6 del 79
C11 argmax bands 856 N 0 cols 547 id 85.4 ins 3 del 67
C12 argmax bands 772 N 0 cols 454 id 81.1 ins 1 del 79
D01 argmax bands 929 N 0 cols 551 id 85.1 ins 5 del 36
D02 argmax bands 854 N 0 cols 596 id 83.6 ins 4 del 76
D03 argmax bands 898 N 0 cols 558 id 87.1 ins 3 del 55
D04 argmax bands 1002 N 0 cols 649 id 87.5 ins 9 del 51
D05 argmax bands 1000 N 0 cols 555 id 90.6 ins 14 del 30
D06 argmax bands 986 N 0 cols 610 id 87.7 ins 12 del 43
D07 argmax bands 787 N 0 cols 395 id 81.5 ins 0 del 60
D08 argmax bands 1001 N 0 cols 551 id 89.7 ins 9 del 31
D09 argmax bands 983 N 0 cols 633 id 87.4 ins 6 del 59
D10 argmax bands 904 N 0 cols 530 id 87.5 ins 2 del 54
D11 argmax bands 956 N 0 cols 534 id 91.8 ins 8 del 19
D12 argmax bands 977 N 0 cols 604 id 88.7 ins 11 del 44
E01 argmax bands 848 N 0 cols 420 id 86.0 ins 2 del 35
E02 argmax bands 983 N 0 cols 672 id 85.3 ins 13 del 70
E03 argmax bands 963 N 0 cols 631 id 87.8 ins 11 del 49
E04 argmax bands 894 N 0 cols 605 id 82.5 ins 1 del 82
E05 argmax bands 997 N 0 cols 582 id 87.5 ins 12 del 41
E06 argmax bands 990 N 0 cols 615 id 87.3 ins 7 del 57
E07 argmax bands 977 N 0 cols 599 id 89.3 ins 12 del 29
E08 argmax bands 961 N 0 cols 621 id 87.9 ins 5 del 61
E09 argmax bands 743 N 0 cols 392 id 81.6 ins 0 del 68
E10 argmax bands 844 N 0 cols 474 id 84.6 ins 1 del 62
E11 argmax bands 747 N 0 cols 387 id 82.2 ins 0 del 64
E12 argmax bands 916 N 0 cols 624 id 87.3 ins 4 del 66
F01 argmax bands 960 N 0 cols 623 id 87.0 ins 5 del 54
F02 argmax bands 998 N 0 cols 629 id 89.0 ins 9 del 46
F03 argmax bands 1013 N 0 cols 537 id 84.9 ins 11 del 31
MEAN argmax 86.18 MEDIAN 87.1 n 63
