A01 keep bands 964 N 184 cols 547 id 83.7 ins 6 del 27
A02 keep bands 965 N 141 cols 613 id 80.3 ins 5 del 53
A03 keep bands 756 N 97 cols 245 id 75.5 ins 1 del 31
A04 keep bands 971 N 147 cols 649 id 81.0 ins 15 del 53
A05 keep bands 856 N 89 cols 386 id 81.9 ins 4 del 29
A06 keep bands 819 N 143 cols 449 id 77.7 ins 3 del 39
A07 keep bands 1002 N 137 cols 659 id 82.5 ins 16 del 55
A08 keep bands 844 N 81 cols 384 id 82.3 ins 0 del 45
A09 keep bands 836 N 85 cols 598 id 80.6 ins 4 del 62
A10 keep bands 926 N 111 cols 449 id 84.2 ins 2 del 33
A11 keep bands 1003 N 153 cols 635 id 85.7 ins 9 del 32
A12 keep bands 958 N 96 cols 595 id 87.6 ins 12 del 39
B01 keep bands 747 N 93 cols 312 id 72.8 ins 0 del 52
B02 keep bands 894 N 147 cols 469 id 82.1 ins 5 del 37
B03 keep bands 765 N 106 cols 105 id 74.3 ins 0 del 12
B04 keep bands 905 N 124 cols 430 id 82.3 ins 5 del 22
B05 keep bands 920 N 131 cols 449 id 84.9 ins 3 del 34
B06 keep bands 994 N 128 cols 652 id 83.1 ins 11 del 55
B07 keep bands 999 N 120 cols 593 id 86.5 ins 12 del 38
B08 keep bands 753 N 76 cols 298 id 78.9 ins 0 del 51
B09 keep bands 763 N 78 cols 289 id 81.0 ins 0 del 40
B10 keep bands 994 N 145 cols 604 id 79.6 ins 15 del 44
B11 keep bands 992 N 135 cols 636 id 83.3 ins 16 del 44
B12 keep bands 908 N 136 cols 438 id 83.3 ins 1 del 26
C01 keep bands 886 N 171 cols 298 id 77.2 ins 3 del 15
C02 keep bands 954 N 163 cols 563 id 86.0 ins 2 del 20
C03 keep bands 669 N 92 cols 31 id 83.9 ins 0 del 3
C04 keep bands 986 N 130 cols 420 id 83.3 ins 9 del 19
C05 keep bands 993 N 135 cols 625 id 82.4 ins 9 del 42
C06 keep bands 868 N 98 cols 454 id 82.2 ins 1 del 44
C07 keep bands 991 N 150 cols 475 id 83.6 ins 6 del 28
C08 keep bands 910 N 100 cols 561 id 81.8 ins 7 del 61
C09 keep bands 975 N 98 cols 647 id 84.9 ins 6 del 61
C10 keep bands 898 N 122 cols 347 id 81.6 ins 4 del 22
C11 keep bands 856 N 134 cols 523 id 77.2 ins 4 del 59
C12 keep bands 772 N 63 cols 375 id 78.9 ins 1 del 62
D01 keep bands 929 N 191 cols 387 id 79.8 ins 5 del 8
D02 keep bands 854 N 82 cols 448 id 84.4 ins 0 del 46
D03 keep bands 898 N 146 cols 484 id 78.5 ins 2 del 44
D04 keep bands 1002 N 156 cols 668 id 78.9 ins 9 del 56
D05 keep bands 1000 N 119 cols 606 id 86.0 ins 14 del 44
D06 keep bands 986 N 163 cols 537 id 82.5 ins 12 del 25
D07 keep bands 787 N 84 cols 304 id 77.3 ins 0 del 41
D08 keep bands 1001 N 99 cols 503 id 89.1 ins 9 del 20
D09 keep bands 983 N 190 cols 517 id 77.2 ins 7 del 39
D10 keep bands 904 N 116 cols 395 id 81.8 ins 2 del 23
D11 keep bands 956 N 156 cols 519 id 85.2 ins 9 del 18
D12 keep bands 977 N 130 cols 603 id 84.2 ins 11 del 44
E01 keep bands 848 N 147 cols 354 id 77.4 ins 2 del 24
E02 keep bands 983 N 120 cols 633 id 80.4 ins 13 del 60
E03 keep bands 963 N 126 cols 619 id 80.5 ins 11 del 53
E04 keep bands 894 N 125 cols 449 id 77.3 ins 1 del 44
E05 keep bands 997 N 137 cols 462 id 87.0 ins 12 del 12
E06 keep bands 990 N 181 cols 424 id 80.2 ins 7 del 16
E07 keep bands 977 N 126 cols 581 id 86.7 ins 13 del 24
E08 keep bands 961 N 117 cols 453 id 88.1 ins 5 del 20
E09 keep bands 743 N 78 cols 352 id 77.6 ins 0 del 58
E10 keep bands 844 N 87 cols 389 id 81.2 ins 0 del 43
E11 keep bands 747 N 73 cols 248 id 79.8 ins 0 del 29
E12 keep bands 916 N 87 cols 624 id 83.5 ins 4 del 66
F01 keep bands 960 N 156 cols 541 id 78.7 ins 7 del 34
F02 keep bands 998 N 145 cols 627 id 84.1 ins 9 del 46
F03 keep bands 1013 N 205 cols 387 id 79.6 ins 10 del 11
MEAN keep 81.67 MEDIAN 81.9 n 63
