loading model...
WARNING: All log messages before absl::InitializeLog() is called are written to STDERR
I0000 00:00:1789023380.195554 1160361 cudart_stub.cc:31] Could not find cuda drivers on your machine, GPU will not be used.
WARNING: All log messages before absl::InitializeLog() is called are written to STDERR
I0000 00:00:1789023381.297770 1160361 cudart_stub.cc:31] Could not find cuda drivers on your machine, GPU will not be used.
model loaded, M13 ref 821 bp
96 wells, 96 pending
2026-09-10 08:56:25  A01  done=1/96  vs_ESD=98.3  vs_M13=91.8  841bases  3s
2026-09-10 08:56:28  A02  done=2/96  vs_ESD=97.5  vs_M13=88.9  870bases  3s
2026-09-10 08:56:31  A03  done=3/96  vs_ESD=94.1  vs_M13=86.7  859bases  3s
2026-09-10 08:56:34  A04  done=4/96  vs_ESD=97.3  vs_M13=88.5  857bases  3s
2026-09-10 08:56:37  A05  done=5/96  vs_ESD=95.0  vs_M13=87.1  888bases  3s
2026-09-10 08:56:40  A06  done=6/96  vs_ESD=95.7  vs_M13=90.8  841bases  3s
2026-09-10 08:56:43  A07  done=7/96  vs_ESD=90.8  vs_M13=85.1  862bases  3s
2026-09-10 08:56:46  A08  done=8/96  vs_ESD=94.6  vs_M13=87.1  891bases  3s
2026-09-10 08:56:49  A09  done=9/96  vs_ESD=97.7  vs_M13=88.4  882bases  3s
2026-09-10 08:56:52  A10  done=10/96  vs_ESD=97.8  vs_M13=87.7  862bases  3s
2026-09-10 08:56:56  A11  done=11/96  vs_ESD=97.4  vs_M13=88.8  870bases  3s
2026-09-10 08:56:59  A12  done=12/96  vs_ESD=95.5  vs_M13=85.2  870bases  3s
2026-09-10 08:57:02  B01  done=13/96  vs_ESD=96.1  vs_M13=87.5  876bases  3s
2026-09-10 08:57:05  B02  done=14/96  vs_ESD=96.2  vs_M13=88.4  863bases  3s
2026-09-10 08:57:08  B03  done=15/96  vs_ESD=97.0  vs_M13=88.8  866bases  3s
2026-09-10 08:57:11  B04  done=16/96  vs_ESD=97.2  vs_M13=88.8  865bases  3s
2026-09-10 08:57:14  B05  done=17/96  vs_ESD=93.6  vs_M13=87.1  864bases  3s
2026-09-10 08:57:17  B06  done=18/96  vs_ESD=89.3  vs_M13=82.4  896bases  3s
2026-09-10 08:57:21  B07  done=19/96  vs_ESD=96.5  vs_M13=85.3  912bases  3s
2026-09-10 08:57:24  B08  done=20/96  vs_ESD=93.1  vs_M13=86.5  876bases  3s
2026-09-10 08:57:27  B09  done=21/96  vs_ESD=93.7  vs_M13=86.3  887bases  3s
2026-09-10 08:57:30  B10  done=22/96  vs_ESD=97.1  vs_M13=89.0  882bases  3s
2026-09-10 08:57:33  B11  done=23/96  vs_ESD=95.0  vs_M13=87.1  863bases  3s
2026-09-10 08:57:36  B12  done=24/96  vs_ESD=94.2  vs_M13=87.5  879bases  3s
2026-09-10 08:57:39  C01  done=25/96  vs_ESD=96.4  vs_M13=89.3  864bases  3s
2026-09-10 08:57:42  C02  done=26/96  vs_ESD=84.3  vs_M13=79.4  856bases  3s
2026-09-10 08:57:45  C03  done=27/96  vs_ESD=92.6  vs_M13=85.1  878bases  3s
2026-09-10 08:57:48  C04  done=28/96  vs_ESD=91.9  vs_M13=84.2  900bases  3s
2026-09-10 08:57:51  C05  done=29/96  vs_ESD=95.9  vs_M13=88.1  870bases  3s
2026-09-10 08:57:54  C06  done=30/96  vs_ESD=91.9  vs_M13=86.3  870bases  3s
2026-09-10 08:57:58  C07  done=31/96  vs_ESD=86.9  vs_M13=78.9  907bases  3s
2026-09-10 08:58:01  C08  done=32/96  vs_ESD=96.9  vs_M13=89.4  857bases  3s
2026-09-10 08:58:04  C09  done=33/96  vs_ESD=95.3  vs_M13=87.2  893bases  3s
2026-09-10 08:58:07  C10  done=34/96  vs_ESD=83.9  vs_M13=78.3  868bases  3s
2026-09-10 08:58:10  C11  done=35/96  vs_ESD=91.4  vs_M13=85.2  902bases  3s
2026-09-10 08:58:13  C12  done=36/96  vs_ESD=89.5  vs_M13=83.6  858bases  3s
2026-09-10 08:58:16  D01  done=37/96  vs_ESD=97.1  vs_M13=90.2  874bases  3s
2026-09-10 08:58:19  D02  done=38/96  vs_ESD=97.1  vs_M13=88.5  862bases  3s
2026-09-10 08:58:22  D03  done=39/96  vs_ESD=96.5  vs_M13=88.6  861bases  3s
2026-09-10 08:58:25  D04  done=40/96  vs_ESD=93.2  vs_M13=85.8  880bases  3s
2026-09-10 08:58:28  D05  done=41/96  vs_ESD=87.6  vs_M13=83.3  876bases  3s
2026-09-10 08:58:31  D06  done=42/96  vs_ESD=98.8  vs_M13=90.1  850bases  3s
2026-09-10 08:58:34  D07  done=43/96  vs_ESD=96.1  vs_M13=88.5  870bases  3s
2026-09-10 08:58:38  D08  done=44/96  vs_ESD=95.8  vs_M13=84.6  908bases  3s
2026-09-10 08:58:41  D09  done=45/96  vs_ESD=94.6  vs_M13=87.1  870bases  3s
2026-09-10 08:58:44  D10  done=46/96  vs_ESD=96.9  vs_M13=87.1  898bases  3s
2026-09-10 08:58:47  D11  done=47/96  vs_ESD=92.6  vs_M13=85.2  874bases  3s
2026-09-10 08:58:50  D12  done=48/96  vs_ESD=92.7  vs_M13=86.4  874bases  3s
2026-09-10 08:58:53  E01  done=49/96  vs_ESD=96.0  vs_M13=88.1  882bases  3s
2026-09-10 08:58:56  E02  done=50/96  vs_ESD=94.2  vs_M13=85.3  870bases  3s
2026-09-10 08:58:59  E03  done=51/96  vs_ESD=96.6  vs_M13=88.1  871bases  3s
2026-09-10 08:59:02  E04  done=52/96  vs_ESD=95.0  vs_M13=86.4  876bases  3s
2026-09-10 08:59:05  E05  done=53/96  vs_ESD=87.7  vs_M13=82.0  884bases  3s
2026-09-10 08:59:08  E06  done=54/96  vs_ESD=94.5  vs_M13=87.6  869bases  3s
2026-09-10 08:59:11  E07  done=55/96  vs_ESD=96.2  vs_M13=90.0  869bases  3s
2026-09-10 08:59:14  E08  done=56/96  vs_ESD=92.9  vs_M13=85.2  877bases  3s
2026-09-10 08:59:17  E09  done=57/96  vs_ESD=90.7  vs_M13=85.2  873bases  3s
2026-09-10 08:59:20  E10  done=58/96  vs_ESD=96.9  vs_M13=87.0  882bases  3s
2026-09-10 08:59:23  E11  done=59/96  vs_ESD=96.0  vs_M13=88.6  866bases  3s
2026-09-10 08:59:27  E12  done=60/96  vs_ESD=97.2  vs_M13=88.1  884bases  3s
2026-09-10 08:59:30  F01  done=61/96  vs_ESD=96.8  vs_M13=89.5  856bases  3s
2026-09-10 08:59:33  F02  done=62/96  vs_ESD=87.8  vs_M13=81.2  848bases  3s
2026-09-10 08:59:36  F03  done=63/96  vs_ESD=93.7  vs_M13=85.9  883bases  3s
2026-09-10 08:59:39  F04  done=64/96  vs_ESD=96.3  vs_M13=88.5  869bases  3s
2026-09-10 08:59:42  F05  done=65/96  vs_ESD=97.2  vs_M13=88.8  858bases  3s
2026-09-10 08:59:45  F06  done=66/96  vs_ESD=96.2  vs_M13=87.0  877bases  3s
2026-09-10 08:59:48  F07  done=67/96  vs_ESD=94.7  vs_M13=88.6  855bases  3s
2026-09-10 08:59:51  F08  done=68/96  vs_ESD=88.5  vs_M13=83.3  872bases  3s
2026-09-10 08:59:54  F09  done=69/96  vs_ESD=96.8  vs_M13=87.4  877bases  3s
2026-09-10 08:59:57  F10  done=70/96  vs_ESD=96.2  vs_M13=86.9  890bases  3s
2026-09-10 09:00:00  F11  done=71/96  vs_ESD=97.4  vs_M13=87.4  877bases  3s
2026-09-10 09:00:03  F12  done=72/96  vs_ESD=96.8  vs_M13=89.2  852bases  3s
2026-09-10 09:00:06  G01  done=73/96  vs_ESD=96.5  vs_M13=88.7  848bases  3s
2026-09-10 09:00:09  G02  done=74/96  vs_ESD=96.3  vs_M13=88.1  857bases  3s
2026-09-10 09:00:12  G03  done=75/96  vs_ESD=91.0  vs_M13=81.5  931bases  3s
2026-09-10 09:00:15  G04  done=76/96  vs_ESD=93.3  vs_M13=87.1  853bases  3s
2026-09-10 09:00:18  G05  done=77/96  vs_ESD=97.3  vs_M13=90.4  820bases  3s
2026-09-10 09:00:21  G06  done=78/96  vs_ESD=94.8  vs_M13=86.0  885bases  3s
2026-09-10 09:00:24  G07  done=79/96  vs_ESD=96.6  vs_M13=84.4  908bases  3s
2026-09-10 09:00:27  G08  done=80/96  vs_ESD=96.4  vs_M13=89.2  868bases  3s
2026-09-10 09:00:30  G09  done=81/96  vs_ESD=91.8  vs_M13=85.8  876bases  3s
2026-09-10 09:00:33  G10  done=82/96  vs_ESD=91.3  vs_M13=85.0  876bases  3s
2026-09-10 09:00:37  G11  done=83/96  vs_ESD=83.6  vs_M13=79.3  865bases  3s
2026-09-10 09:00:40  G12  done=84/96  vs_ESD=96.3  vs_M13=88.0  866bases  3s
2026-09-10 09:00:43  H01  done=85/96  vs_ESD=95.6  vs_M13=89.2  866bases  3s
2026-09-10 09:00:46  H02  done=86/96  vs_ESD=94.4  vs_M13=88.4  880bases  3s
2026-09-10 09:00:49  H03  done=87/96  vs_ESD=96.1  vs_M13=87.1  878bases  3s
2026-09-10 09:00:52  H04  done=88/96  vs_ESD=97.7  vs_M13=86.9  898bases  3s
2026-09-10 09:00:55  H05  done=89/96  vs_ESD=95.8  vs_M13=89.0  871bases  3s
2026-09-10 09:00:58  H06  done=90/96  vs_ESD=96.5  vs_M13=87.7  887bases  3s
2026-09-10 09:01:01  H07  done=91/96  vs_ESD=97.9  vs_M13=90.7  850bases  3s
2026-09-10 09:01:04  H08  done=92/96  vs_ESD=92.9  vs_M13=86.2  873bases  3s
2026-09-10 09:01:07  H09  done=93/96  vs_ESD=97.4  vs_M13=88.6  876bases  3s
2026-09-10 09:01:10  H10  done=94/96  vs_ESD=98.0  vs_M13=89.0  870bases  3s
2026-09-10 09:01:13  H11  done=95/96  vs_ESD=93.5  vs_M13=88.9  862bases  3s
2026-09-10 09:01:16  H12  done=96/96  vs_ESD=96.6  vs_M13=88.4  882bases  3s
DONE. 96 wells in 4.9 min. Report: /media/per/78B0C7DE1FA7081C/electropherogram/ml_plate_results/ml_plate_report.txt
